{
  "Login": "ivanov",
  "FirstName": "Ivan",
  "LastName": "Ivanov"
}
