{
  "Login": "petrov",
  "FirstName": "Petr",
  "LastName": "Petrov"
}
